.
./README.TXT
./FILES.LST
./CHANGELOG
./configure
./lib
./lib/libsipapi.a
./lib/libsipcore.a
./lib/libsipserialize.a
./obj
./obj/accessor
./obj/accessor/ccp
./obj/accessor/ccp/.keep_dir
./obj/accessor/dcs
./obj/accessor/dcs/.keep_dir
./obj/accessor/.keep_dir
./obj/accessor/rpr
./obj/accessor/rpr/.keep_dir
./obj/common
./obj/common/ccp
./obj/common/ccp/.keep_dir
./obj/common/dcs
./obj/common/dcs/.keep_dir
./obj/common/.keep_dir
./obj/common/rpr
./obj/common/rpr/.keep_dir
./obj/common/tel
./obj/parser
./obj/parser/bison
./obj/parser/bison/.keep_dir
./obj/parser/.keep_dir
./obj/parser/dcs
./obj/parser/dcs/.keep_dir
./obj/parser/lex
./obj/parser/lex/.keep_dir
./obj/parser/tel
./obj/parser/tel/.keep_dir
./obj/serialize
./obj/serialize/.keep_dir
./obj/test
./makefiles
./makefiles/MakeVars.stub
./makefiles/Makefile.accessor.stub
./makefiles/Makefile.serialization.stub
./makefiles/Makefile.parser.stub
./makefiles/Makefile.stub
./makefiles/packages
./makefiles/packages/TEL
./makefiles/packages/DCS
./makefiles/packages/CAPI
./makefiles/packages/PLATFORM_SOLARIS
./source
./source/accessor
./source/accessor/ccp
./source/accessor/ccp/h
./source/accessor/ccp/h/ccp.h
./source/accessor/ccp/h/ccpinternal.h
./source/accessor/ccp/src
./source/accessor/ccp/src/ccp.c
./source/accessor/ccp/src/ccpinternal.c
./source/accessor/dcs
./source/accessor/dcs/h
./source/accessor/dcs/h/dcsclone.h
./source/accessor/dcs/h/dcs.h
./source/accessor/dcs/h/dcsintrnl.h
./source/accessor/dcs/h/dcsstring.h
./source/accessor/dcs/src
./source/accessor/dcs/src/dcsclone.c
./source/accessor/dcs/src/dcs.c
./source/accessor/dcs/src/dcsintrnl.c
./source/accessor/dcs/src/dcsstring.c
./source/accessor/.depend
./source/accessor/h
./source/accessor/h/entity.h
./source/accessor/h/bcpt.h
./source/accessor/h/imppinternal.h
./source/accessor/h/general.h
./source/accessor/h/header.h
./source/accessor/h/impp.h
./source/accessor/h/sipbcptinternal.h
./source/accessor/h/mesgsummary.h
./source/accessor/h/pres.h
./source/accessor/h/request.h
./source/accessor/h/response.h
./source/accessor/h/sdp.h
./source/accessor/h/sdpstring.h
./source/accessor/h/sipinternal.h
./source/accessor/h/sipclone.h
./source/accessor/h/sipcloneintrnl.h
./source/accessor/h/sipstring.h
./source/accessor/h/sipstringintrnl.h
./source/accessor/h/sipvalidate.h
./source/accessor/rpr
./source/accessor/rpr/h
./source/accessor/rpr/h/rpr.h
./source/accessor/rpr/h/rprinternal.h
./source/accessor/rpr/src
./source/accessor/rpr/src/rpr.c
./source/accessor/rpr/src/rprinternal.c
./source/accessor/src
./source/accessor/src/entity.c
./source/accessor/src/bcpt.c
./source/accessor/src/imppinternal.c
./source/accessor/src/general.c
./source/accessor/src/header.c
./source/accessor/src/impp.c
./source/accessor/src/sipbcptinternal.c
./source/accessor/src/mesgsummary.c
./source/accessor/src/pres.c
./source/accessor/src/request.c
./source/accessor/src/response.c
./source/accessor/src/sdp.c
./source/accessor/src/sdpstring.c
./source/accessor/src/sipinternal.c
./source/accessor/src/sipclone.c
./source/accessor/src/sipstring.c
./source/accessor/src/sipvalidate.c
./source/accessor/tel
./source/accessor/tel/h
./source/accessor/tel/h/telintrnl.h
./source/accessor/Makefile
./source/common
./source/common/ccp
./source/common/ccp/h
./source/common/ccp/h/ccpstruct.h
./source/common/ccp/h/ccpfree.h
./source/common/ccp/h/ccpinit.h
./source/common/ccp/src
./source/common/ccp/src/ccpfree.c
./source/common/ccp/src/ccpinit.c
./source/common/dcs
./source/common/dcs/h
./source/common/dcs/h/dcsfree.h
./source/common/dcs/h/dcsinit.h
./source/common/dcs/src
./source/common/dcs/src/dcsfree.c
./source/common/dcs/src/dcsinit.c
./source/common/h
./source/common/h/imppstruct.h
./source/common/h/imppfree.h
./source/common/h/imppinit.h
./source/common/h/sipstatistics.h
./source/common/h/portlayer.h
./source/common/h/presstruct.h
./source/common/h/sipbcptfree.h
./source/common/h/sipbcptinit.h
./source/common/h/sipcommon.h
./source/common/h/sipfree.h
./source/common/h/siphash.h
./source/common/h/sipinit.h
./source/common/h/siplist.h
./source/common/h/sipstruct.h
./source/common/h/siptrace.h
./source/common/h/siptxnstruct.h
./source/common/h/siptxntimer.h
./source/common/h/stack_headers.h
./source/common/h/txnclone.h
./source/common/h/txnfree.h
./source/common/h/txninit.h
./source/common/rpr
./source/common/rpr/h
./source/common/rpr/h/rprfree.h
./source/common/rpr/h/rprinit.h
./source/common/rpr/src
./source/common/rpr/src/rprfree.c
./source/common/rpr/src/rprinit.c
./source/common/src
./source/common/src/portlayer.c
./source/common/src/imppfree.c
./source/common/src/imppinit.c
./source/common/src/sipstatistics.c
./source/common/src/presfree.c
./source/common/src/presinit.c
./source/common/src/sipbcptfree.c
./source/common/src/sipbcptinit.c
./source/common/src/sipfree.c
./source/common/src/siphash.c
./source/common/src/sipinit.c
./source/common/src/siplist.c
./source/common/src/siptrace.c
./source/common/src/txnclone.c
./source/common/src/txnfree.c
./source/common/src/txninit.c
./source/common/tel
./source/common/tel/h
./source/common/tel/h/telstruct.h
./source/common/tel/h/telfree.h
./source/common/tel/h/telinit.h
./source/common/tel/src
./source/common/tel/src/telfree.c
./source/common/tel/src/telinit.c
./source/parser
./source/parser/bison
./source/parser/bison/3gpp.y
./source/parser/bison/Attrib.y
./source/parser/bison/AcceptContact.y
./source/parser/bison/AcceptContact_v10.y
./source/parser/bison/AcceptContact_v6.y
./source/parser/bison/Congest.y
./source/parser/bison/Contact.y
./source/parser/bison/Datetime.y
./source/parser/bison/Dcs.y
./source/parser/bison/Fromto.y
./source/parser/bison/Im.y
./source/parser/bison/Key.y
./source/parser/bison/Media_stub.y
./source/parser/bison/Mediaatm_stub.y
./source/parser/bison/Mediapint_stub.y
./source/parser/bison/MesgSummary.y
./source/parser/bison/Mime.y
./source/parser/bison/Pgp.y
./source/parser/bison/RejectContact.y
./source/parser/bison/Reqline.y
./source/parser/bison/Tokens.y
./source/parser/bison/Tel.y
./source/parser/bison/RejectContact_v10.y
./source/parser/bison/RejectContact_v6.y
./source/parser/bison/RprTokens.y
./source/parser/bison/Sdp_stub.y
./source/parser/bison/Sdpatm_stub.y
./source/parser/bison/Sdppint_stub.y
./source/parser/bison/Statusline.y
./source/parser/bison/To.y
./source/parser/bison/cfiles
./source/parser/bison/cfiles/.keep_dir
./source/parser/bison/Tokencomment.y
./source/parser/bison/Tokensltoken.y
./source/parser/bison/Utf8.y
./source/parser/bison/Via.y
./source/parser/bison/Sdp.y
./source/parser/bison/Media.y
./source/parser/.depend
./source/parser/dcs
./source/parser/dcs/h
./source/parser/dcs/h/dcsformmessage.h
./source/parser/dcs/h/dcsdecode.h
./source/parser/dcs/src
./source/parser/dcs/src/dcsformmessage.c
./source/parser/dcs/src/dcsdecode.c
./source/parser/h
./source/parser/h/imurldecodeintrnl.h
./source/parser/h/sdpdecode.h
./source/parser/h/sipdecode.h
./source/parser/h/sipdecodeintrnl.h
./source/parser/h/sipformmessage.h
./source/parser/h/sipparserclone.h
./source/parser/h/sipparserinc.h
./source/parser/h/sipsendmessage.h
./source/parser/h/siptimer.h
./source/parser/h/txndecode.h
./source/parser/h/txndecodeintrnl.h
./source/parser/h/txnmidway.h
./source/parser/lex
./source/parser/lex/AcceptContact.l
./source/parser/lex/3gpp.l
./source/parser/lex/Fromto.l
./source/parser/lex/Dcs.l
./source/parser/lex/AcceptContact_v10.l
./source/parser/lex/AcceptContact_v6.l
./source/parser/lex/Attrib.l
./source/parser/lex/Congest.l
./source/parser/lex/Contact.l
./source/parser/lex/Datetime.l
./source/parser/lex/Media_stub.l
./source/parser/lex/Im.l
./source/parser/lex/Key.l
./source/parser/lex/Mediaatm_stub.l
./source/parser/lex/Mediapint_stub.l
./source/parser/lex/MesgSummary.l
./source/parser/lex/Mime.l
./source/parser/lex/Pgp.l
./source/parser/lex/RejectContact.l
./source/parser/lex/Tokens.l
./source/parser/lex/Tel.l
./source/parser/lex/RejectContact_v10.l
./source/parser/lex/Reqline.l
./source/parser/lex/RejectContact_v6.l
./source/parser/lex/RprTokens.l
./source/parser/lex/Sdp_stub.l
./source/parser/lex/Sdpatm_stub.l
./source/parser/lex/Sdppint_stub.l
./source/parser/lex/Statusline.l
./source/parser/lex/To.l
./source/parser/lex/cfiles
./source/parser/lex/cfiles/.keep_dir
./source/parser/lex/Tokencomment.l
./source/parser/lex/Tokensltoken.l
./source/parser/lex/Utf8.l
./source/parser/lex/Via.l
./source/parser/lex/Sdp.l
./source/parser/lex/Media.l
./source/parser/src
./source/parser/src/sipformmessage.c
./source/parser/src/sdpdecode.c
./source/parser/src/sipdecode.c
./source/parser/src/sipparserclone.c
./source/parser/src/sipsendmessage.c
./source/parser/src/siptimer.c
./source/parser/src/telerror.c
./source/parser/src/txndecode.c
./source/parser/src/txndecodeintrnl.c
./source/parser/src/txnmidway.c
./source/parser/tel
./source/parser/tel/h
./source/parser/tel/h/telapi.h
./source/parser/tel/h/teldecodeintrnl.h
./source/parser/tel/src
./source/parser/tel/src/telapi.c
./source/parser/Makefile
./source/serialize
./source/serialize/h
./source/serialize/h/serializeHeaders.h
./source/serialize/h/byteordering.h
./source/serialize/h/serialize.h
./source/serialize/src
./source/serialize/src/initsipmessage.c
./source/serialize/src/byteordering.c
./source/serialize/src/serializeHeaders.c
./source/serialize/src/serialize.c
./source/serialize/src/sipserinit.c
./source/serialize/Makefile
./test
./test/Makefile
./test/bin
./test/bin/siptest
./test/bin/sendmessage
./test/parser
./test/parser/README.TXT
./test/parser/encodetime.c
./test/parser/parsetime.c
./test/parser/sendmessage.c
./test/parser/siptest.c
./test/parser/siptxntest.h
./test/parser/siptxntimer.c
./test/perfTest
./test/perfTest/Makefile_Txn
./test/perfTest/Makefile
./test/perfTest/bin
./test/perfTest/h
./test/perfTest/h/sipclient.h
./test/perfTest/h/siphash.h
./test/perfTest/h/sipthreadmgr.h
./test/perfTest/h/siptimer.h
./test/perfTest/src
./test/perfTest/src/callbacks.c
./test/perfTest/src/sipclient.c
./test/perfTest/src/siphash.c
./test/perfTest/src/sipthreadmgr.c
./test/perfTest/src/siptimer.c
./test/perfTest/src/siptxntimer.c
./test/perfTest/Makefile_WTxn
./test/perfTest/testscript
./MakeVars
./stack_headers
./stack_headers/ccp.h
./stack_headers/ccpinternal.h
./stack_headers/dcsclone.h
./stack_headers/dcs.h
./stack_headers/dcsintrnl.h
./stack_headers/dcsstring.h
./stack_headers/entity.h
./stack_headers/bcpt.h
./stack_headers/imppinternal.h
./stack_headers/general.h
./stack_headers/header.h
./stack_headers/impp.h
./stack_headers/sipbcptinternal.h
./stack_headers/mesgsummary.h
./stack_headers/pres.h
./stack_headers/request.h
./stack_headers/response.h
./stack_headers/sdp.h
./stack_headers/sdpstring.h
./stack_headers/sipinternal.h
./stack_headers/sipclone.h
./stack_headers/sipcloneintrnl.h
./stack_headers/sipstring.h
./stack_headers/rpr.h
./stack_headers/sipstringintrnl.h
./stack_headers/sipvalidate.h
./stack_headers/rprinternal.h
./stack_headers/telintrnl.h
./stack_headers/ccpstruct.h
./stack_headers/ccpfree.h
./stack_headers/ccpinit.h
./stack_headers/dcsfree.h
./stack_headers/dcsinit.h
./stack_headers/imppstruct.h
./stack_headers/imppfree.h
./stack_headers/imppinit.h
./stack_headers/sipstatistics.h
./stack_headers/portlayer.h
./stack_headers/presstruct.h
./stack_headers/sipbcptfree.h
./stack_headers/sipbcptinit.h
./stack_headers/sipcommon.h
./stack_headers/sipfree.h
./stack_headers/siphash.h
./stack_headers/sipinit.h
./stack_headers/siplist.h
./stack_headers/sipstruct.h
./stack_headers/siptrace.h
./stack_headers/siptxnstruct.h
./stack_headers/siptxntimer.h
./stack_headers/stack_headers.h
./stack_headers/txnclone.h
./stack_headers/txnfree.h
./stack_headers/txninit.h
./stack_headers/rprfree.h
./stack_headers/rprinit.h
./stack_headers/telstruct.h
./stack_headers/telfree.h
./stack_headers/telinit.h
./stack_headers/dcsformmessage.h
./stack_headers/dcsdecode.h
./stack_headers/imurldecodeintrnl.h
./stack_headers/sdpdecode.h
./stack_headers/sipdecode.h
./stack_headers/sipdecodeintrnl.h
./stack_headers/sipformmessage.h
./stack_headers/sipparserclone.h
./stack_headers/sipparserinc.h
./stack_headers/sipsendmessage.h
./stack_headers/siptimer.h
./stack_headers/txndecode.h
./stack_headers/txndecodeintrnl.h
./stack_headers/txnmidway.h
./stack_headers/telapi.h
./stack_headers/teldecodeintrnl.h
./stack_headers/serializeHeaders.h
./stack_headers/byteordering.h
./stack_headers/serialize.h
./stack_headers/stack_config.h
./Makefile
